<html>
<body>
<pre>
<h1>µVision Build Log</h1>
<h2>Tool Versions:</h2>
IDE-Version: ¦ÌVision V5.24.2.0
Copyright (C) 2017 ARM Ltd and ARM Germany GmbH. All rights reserved.
License Information: qiu 3030195681@qq.com, ye, LIC=CZLZX-HV6U7-SBIEJ-U2RC6-F98M4-N6GS9
 
Tool Versions:
Toolchain:       MDK-ARM Plus  Version: 5.24.1
Toolchain Path:  D:\Software\Keil_v5\ARM\ARMCC\Bin
C Compiler:      Armcc.exe V5.06 update 5 (build 528)
Assembler:       Armasm.exe V5.06 update 5 (build 528)
Linker/Locator:  ArmLink.exe V5.06 update 5 (build 528)
Library Manager: ArmAr.exe V5.06 update 5 (build 528)
Hex Converter:   FromElf.exe V5.06 update 5 (build 528)
CPU DLL:         SARMCM3.DLL V5.24.1
Dialog DLL:      DCM.DLL V1.16.0.0
Target DLL:      STLink\ST-LINKIII-KEIL_SWO.dll V3.0.1.0
Dialog DLL:      TCM.DLL V1.32.0.0
 
<h2>Project:</h2>
D:\Files\Study\RM_project\AAAboards\aaanewnew\MDK-ARM\A_Project.uvprojx
Project File Date:  04/26/2026

<h2>Output:</h2>
*** Using Compiler 'V5.06 update 5 (build 528)', folder: 'D:\Software\Keil_v5\ARM\ARMCC\Bin'
Rebuild target 'A_Project'
assembling startup_stm32f427xx.s...
compiling uart_printf.c...
compiling stm32f4xx_hal_timebase_tim.c...
compiling can_user.c...
compiling usbd_desc.c...
compiling usbd_cdc_if.c...
compiling can.c...
compiling tim.c...
compiling usart.c...
compiling dma.c...
compiling stm32f4xx_hal_flash.c...
compiling stm32f4xx_hal_pcd_ex.c...
compiling stm32f4xx_hal_msp.c...
compiling stm32f4xx_hal_rcc_ex.c...
compiling system_stm32f4xx.c...
compiling stm32f4xx_hal_flash_ramfunc.c...
compiling stm32f4xx_hal_cortex.c...
compiling gpio.c...
compiling stm32f4xx_hal_flash_ex.c...
compiling stm32f4xx_hal_dma_ex.c...
compiling usb_device.c...
compiling stm32f4xx_it.c...
compiling stm32f4xx_hal_pwr_ex.c...
compiling stm32f4xx_hal_rcc.c...
compiling stm32f4xx_hal_dma.c...
compiling main.c...
../Core/Src/main.c(149): warning:  #177-D: variable "current6020"  was declared but never referenced
  	int16_t current6020[4]={0x6666,0x6666,0,0};
../Core/Src/main.c: 1 warning, 0 errors
compiling stm32f4xx_hal_pwr.c...
compiling stm32f4xx_hal_gpio.c...
compiling stm32f4xx_ll_usb.c...
compiling usbd_conf.c...
compiling stm32f4xx_hal_tim_ex.c...
compiling stm32f4xx_hal_pcd.c...
compiling stm32f4xx_hal_tim.c...
compiling stm32f4xx_hal_exti.c...
compiling stm32f4xx_hal.c...
compiling stm32f4xx_hal_can.c...
compiling usbd_ioreq.c...
compiling usbd_core.c...
compiling usbd_ctlreq.c...
compiling usbd_cdc.c...
compiling stm32f4xx_hal_uart.c...
linking...
Program Size: Code=25284 RO-data=508 RW-data=280 ZI-data=22000  
FromELF: creating hex file...
"A_Project\A_Project.axf" - 0 Error(s), 1 Warning(s).

<h2>Software Packages used:</h2>

Package Vendor: ARM
                http://www.keil.com/pack/ARM.CMSIS.5.0.1.pack
                ARM.CMSIS.5.0.1
                CMSIS (Cortex Microcontroller Software Interface Standard)
   * Component: CORE Version: 5.0.1

Package Vendor: Keil
                http://www.keil.com/pack/Keil.STM32F4xx_DFP.2.16.0.pack
                Keil.STM32F4xx_DFP.2.16.0
                STMicroelectronics STM32F4 Series Device Support, Drivers and Examples

<h2>Collection of Component include folders:</h2>
  .\RTE\_A_Project
  D:\Software\Keil_v5\ARM\PACK\ARM\CMSIS\5.0.1\CMSIS\Include
  D:\Software\Keil_v5\ARM\PACK\Keil\STM32F4xx_DFP\2.16.0\Drivers\CMSIS\Device\ST\STM32F4xx\Include

<h2>Collection of Component Files used:</h2>

   * Component: ARM::CMSIS:CORE:5.0.1
Build Time Elapsed:  00:00:06
</pre>
</body>
</html>
